// Jest Snapshot v1, https://goo.gl/fbAQLP

exports[`matches snapshot 1`] = `
<div
  style={
    Object {
      "border": "2px solid #544073",
      "margin": "50px",
      "padding": "10px",
    }
  }
/>
`;
